2
15
3
1
2
15
3
1
2
15
3
1
2
15
3
1
2
15
3
1
2
15
3
1
2
15
3
1
2
15
3
1
2
15
3
1
2
15
3
1
2
15
3
1
2
15
3
1
2
15
3
1