5.000000 -9.000000 5.000000 8.000000 2.000000 -9.000000 2.000000 19.000000 -24.000000